
================================================================================
python : 
Traceback 
(most 
recent 
call last):
At line:1 
char:1
+ python fu
ll_processi
ng_test.py 
> test_outp
ut.txt 
2>&1; cat 
test_outpu 
...
+ ~~~~~~~~~
~~~~~~~~~~~
~~~~~~~~~~~
~~~~~~~~~~~
~~~~~~~~~~~
    + Cate 
   goryIn  
  fo       
           
: NotS    
pecifi    
ed: (T    
raceba    
ck (mo    
st rec    
ent ca    
ll las    
t)::St    
ring)     
[], Re    
moteEx    
ceptio    n
    + Full 
   yQuali  
  fiedEr   
 rorId     
: Nati    
veComm    
andErr    
or
 
  File "C:\
Users\Rajku
mar.DESKTOP
-4ISBKM0\Do
wnloads\Bil
lGeneratorU
nified-main
\full_proce
ssing_test.
py", line 
340, in 
<module>
    
success = 
main()
  File "C:\
Users\Rajku
mar.DESKTOP
-4ISBKM0\Do
wnloads\Bil
lGeneratorU
nified-main
\full_proce
ssing_test.
py", line 
223, in 
main
    print_h
eader("\U00
01f680 
FULL 
PROCESSING 
TEST - BILL
GENERATOR 
UNIFIED")
    ~~~~~~~
~~~~~^^^^^^
^^^^^^^^^^^
^^^^^^^^^^^
^^^^^^^^^^^
^^^^^^^^^^^
^
  File "C:\
Users\Rajku
mar.DESKTOP
-4ISBKM0\Do
wnloads\Bil
lGeneratorU
nified-main
\full_proce
ssing_test.
py", line 
18, in prin
t_header
    
print(f"  
{text}")
    ~~~~~^^
^^^^^^^^^^^
  File "C:\
Program Fil
es\Python31
4\Lib\encod
ings\cp1252
.py", line 
19, in 
encode
    return 
codecs.char
map_encode(
input,self.
errors,enco
ding_table)
[0]
           
~~~~~~~~~~~
~~~~~~~~~~^
^^^^^^^^^^^
^^^^^^^^^^^
^^^^^^^^^^^
UnicodeEnco
deError: 
'charmap' 
codec 
can't 
encode 
character '
\U0001f680'
 in 
position 
2: 
character 
maps to 
<undefined>

During 
handling 
of the 
above 
exception, 
another 
exception 
occurred:

Traceback 
(most 
recent 
call last):
  File "C:\
Users\Rajku
mar.DESKTOP
-4ISBKM0\Do
wnloads\Bil
lGeneratorU
nified-main
\full_proce
ssing_test.
py", line 
346, in 
<module>
    print(f
"\n\n\u274c
 Fatal 
error: 
{str(e)}")
    ~~~~~^^
^^^^^^^^^^^
^^^^^^^^^^^
^^^^^^^^^
  File "C:\
Program Fil
es\Python31
4\Lib\encod
ings\cp1252
.py", line 
19, in 
encode
    return 
codecs.char
map_encode(
input,self.
errors,enco
ding_table)
[0]
           
~~~~~~~~~~~
~~~~~~~~~~^
^^^^^^^^^^^
^^^^^^^^^^^
^^^^^^^^^^^
UnicodeEnco
deError: 
'charmap' 
codec 
can't 
encode 
character 
'\u274c' 
in 
position 
4: 
character 
maps to 
<undefined>
